2013-03-12T16:10:14.738+0800: 72.502: [GC [PSYoungGen: 115335K->41784K(298688K)] 115335K->73785K(981376K), 0.0359780 secs] [Times: user=0.06 sys=0.07, real=0.03 secs] 
2013-03-12T16:10:14.774+0800: 72.538: [Full GC (System) [PSYoungGen: 41784K->0K(298688K)] [PSOldGen: 32000K->73729K(682688K)] 73785K->73729K(981376K) [PSPermGen: 5302K->5302K(16384K)], 0.0269780 secs] [Times: user=0.02 sys=0.00, real=0.03 secs] 
2013-03-12T16:10:16.873+0800: 74.637: [GC [PSYoungGen: 20485K->2032K(298688K)] 94214K->75761K(981376K), 0.0015400 secs] [Times: user=0.00 sys=0.00, real=0.00 secs] 
2013-03-12T16:10:16.874+0800: 74.638: [Full GC (System) [PSYoungGen: 2032K->0K(298688K)] [PSOldGen: 73729K->75733K(682688K)] 75761K->75733K(981376K) [PSPermGen: 5305K->5305K(16384K)], 0.0128400 secs] [Times: user=0.01 sys=0.01, real=0.02 secs] 
2013-03-12T16:10:17.081+0800: 74.845: [GC [PSYoungGen: 10243K->48K(298688K)] 85977K->75781K(981376K), 0.0009750 secs] [Times: user=0.00 sys=0.00, real=0.00 secs] 
2013-03-12T16:10:17.082+0800: 74.847: [Full GC (System) [PSYoungGen: 48K->0K(298688K)] [PSOldGen: 75733K->75737K(682688K)] 75781K->75737K(981376K) [PSPermGen: 5305K->5305K(16384K)], 0.0149430 secs] [Times: user=0.02 sys=0.00, real=0.02 secs] 
2013-03-12T16:10:17.266+0800: 75.030: [GC [PSYoungGen: 5121K->64K(298688K)] 80858K->75801K(981376K), 0.0009650 secs] [Times: user=0.00 sys=0.00, real=0.00 secs] 
2013-03-12T16:10:17.267+0800: 75.031: [Full GC (System) [PSYoungGen: 64K->0K(298688K)] [PSOldGen: 75737K->75729K(682688K)] 75801K->75729K(981376K) [PSPermGen: 5306K->5303K(16384K)], 0.0213990 secs] [Times: user=0.02 sys=0.00, real=0.02 secs] 
2013-03-12T16:10:17.466+0800: 75.230: [GC [PSYoungGen: 10242K->1032K(298688K)] 85972K->76761K(981376K), 0.0012970 secs] [Times: user=0.01 sys=0.00, real=0.00 secs] 
2013-03-12T16:10:17.467+0800: 75.231: [Full GC (System) [PSYoungGen: 1032K->0K(298688K)] [PSOldGen: 75729K->76733K(682688K)] 76761K->76733K(981376K) [PSPermGen: 5304K->5304K(16384K)], 0.0131180 secs] [Times: user=0.01 sys=0.00, real=0.01 secs] 
2013-03-12T16:10:17.665+0800: 75.429: [GC [PSYoungGen: 5121K->48K(298688K)] 81854K->76781K(981376K), 0.0009690 secs] [Times: user=0.01 sys=0.00, real=0.00 secs] 
2013-03-12T16:10:17.666+0800: 75.430: [Full GC (System) [PSYoungGen: 48K->0K(298688K)] [PSOldGen: 76733K->76737K(682688K)] 76781K->76737K(981376K) [PSPermGen: 5304K->5304K(16384K)], 0.0130500 secs] [Times: user=0.01 sys=0.00, real=0.01 secs] 
2013-03-12T16:10:17.849+0800: 75.613: [GC [PSYoungGen: 5121K->32K(298688K)] 81858K->76769K(981376K), 0.0011620 secs] [Times: user=0.01 sys=0.00, real=0.00 secs] 
2013-03-12T16:10:17.851+0800: 75.615: [Full GC (System) [PSYoungGen: 32K->0K(298688K)] [PSOldGen: 76737K->76740K(682688K)] 76769K->76740K(981376K) [PSPermGen: 5304K->5304K(16384K)], 0.0120170 secs] [Times: user=0.01 sys=0.00, real=0.01 secs] 
2013-03-12T16:10:18.041+0800: 75.805: [GC [PSYoungGen: 5121K->32K(298688K)] 81862K->76772K(981376K), 0.0011980 secs] [Times: user=0.00 sys=0.00, real=0.00 secs] 
2013-03-12T16:10:18.043+0800: 75.807: [Full GC (System) [PSYoungGen: 32K->0K(298688K)] [PSOldGen: 76740K->76729K(682688K)] 76772K->76729K(981376K) [PSPermGen: 5304K->5304K(16384K)], 0.0215060 secs] [Times: user=0.02 sys=0.00, real=0.02 secs] 
2013-03-12T16:10:18.217+0800: 75.981: [GC [PSYoungGen: 5121K->32K(298688K)] 81851K->76761K(981376K), 0.0016190 secs] [Times: user=0.01 sys=0.00, real=0.00 secs] 
2013-03-12T16:10:18.219+0800: 75.983: [Full GC (System) [PSYoungGen: 32K->0K(298688K)] [PSOldGen: 76729K->76733K(682688K)] 76761K->76733K(981376K) [PSPermGen: 5304K->5304K(16384K)], 0.0158160 secs] [Times: user=0.01 sys=0.00, real=0.02 secs] 
2013-03-12T16:10:18.417+0800: 76.181: [GC [PSYoungGen: 5121K->16K(298688K)] 81854K->76749K(981376K), 0.0011620 secs] [Times: user=0.01 sys=0.00, real=0.00 secs] 
2013-03-12T16:10:18.418+0800: 76.182: [Full GC (System) [PSYoungGen: 16K->0K(298688K)] [PSOldGen: 76733K->76737K(682688K)] 76749K->76737K(981376K) [PSPermGen: 5304K->5304K(16384K)], 0.0128790 secs] [Times: user=0.01 sys=0.00, real=0.01 secs] 
2013-03-12T16:10:18.617+0800: 76.382: [GC [PSYoungGen: 10242K->1032K(298688K)] 86979K->77769K(981376K), 0.0013400 secs] [Times: user=0.01 sys=0.00, real=0.00 secs] 
2013-03-12T16:10:18.619+0800: 76.383: [Full GC (System) [PSYoungGen: 1032K->0K(298688K)] [PSOldGen: 76737K->77740K(682688K)] 77769K->77740K(981376K) [PSPermGen: 5305K->5305K(16384K)], 0.0126970 secs] [Times: user=0.01 sys=0.00, real=0.01 secs] 
2013-03-12T16:10:25.403+0800: 83.167: [GC [PSYoungGen: 16364K->6064K(298688K)] 94104K->83804K(981376K), 0.0071840 secs] [Times: user=0.02 sys=0.01, real=0.01 secs] 
2013-03-12T16:10:25.410+0800: 83.174: [Full GC (System) [PSYoungGen: 6064K->0K(298688K)] [PSOldGen: 77740K->83730K(682688K)] 83804K->83730K(981376K) [PSPermGen: 5305K->5305K(16384K)], 0.0213490 secs] [Times: user=0.02 sys=0.00, real=0.02 secs] 
2013-03-12T16:10:25.627+0800: 83.391: [GC [PSYoungGen: 10242K->1048K(298688K)] 93973K->84778K(981376K), 0.0028100 secs] [Times: user=0.01 sys=0.00, real=0.00 secs] 
2013-03-12T16:10:25.630+0800: 83.394: [Full GC (System) [PSYoungGen: 1048K->0K(298688K)] [PSOldGen: 83730K->84734K(682688K)] 84778K->84734K(981376K) [PSPermGen: 5305K->5305K(16384K)], 0.0188750 secs] [Times: user=0.02 sys=0.00, real=0.02 secs] 
2013-03-12T16:10:51.481+0800: 109.245: [GC [PSYoungGen: 36364K->26064K(298688K)] 121098K->110798K(981376K), 0.0124570 secs] [Times: user=0.03 sys=0.02, real=0.01 secs] 
2013-03-12T16:10:51.493+0800: 109.257: [Full GC (System) [PSYoungGen: 26064K->0K(298688K)] [PSOldGen: 84734K->110741K(682688K)] 110798K->110741K(981376K) [PSPermGen: 5309K->5309K(16384K)], 0.0207560 secs] [Times: user=0.01 sys=0.00, real=0.02 secs] 
2013-03-12T16:10:52.137+0800: 109.901: [GC [PSYoungGen: 5121K->32K(298688K)] 115863K->110773K(981376K), 0.0012150 secs] [Times: user=0.01 sys=0.00, real=0.04 secs] 
2013-03-12T16:10:52.174+0800: 109.938: [Full GC (System) [PSYoungGen: 32K->0K(298688K)] [PSOldGen: 110741K->110745K(682688K)] 110773K->110745K(981376K) [PSPermGen: 5309K->5309K(16384K)], 0.0136960 secs] [Times: user=0.01 sys=0.00, real=0.01 secs] 
2013-03-12T16:10:52.745+0800: 110.509: [GC [PSYoungGen: 10242K->1016K(298688K)] 120988K->111761K(981376K), 0.0029320 secs] [Times: user=0.01 sys=0.00, real=0.00 secs] 
2013-03-12T16:10:52.748+0800: 110.512: [Full GC (System) [PSYoungGen: 1016K->0K(298688K)] [PSOldGen: 110745K->111732K(682688K)] 111761K->111732K(981376K) [PSPermGen: 5311K->5311K(16384K)], 0.0241100 secs] [Times: user=0.02 sys=0.00, real=0.03 secs] 
2013-03-12T16:14:37.644+0800: 335.409: [GC [PSYoungGen: 255459K->42064K(298688K)] 367191K->335800K(981376K), 0.0950780 secs]