2013-05-14T10:05:01.177+0800: 413.217: [GC [PSYoungGen: 114181K->18352K(134400K)] 114181K->56240K(390400K), 0.0298370 secs] [Times: user=0.04 sys=0.06, real=0.03 secs] 
2013-05-14T10:07:43.245+0800: 575.285: [GC [PSYoungGen: 133163K->18216K(134400K)] 171052K->139050K(390400K), 0.0491660 secs] [Times: user=0.07 sys=0.11, real=0.05 secs] 
2013-05-14T10:10:31.335+0800: 743.375: [GC [PSYoungGen: 133416K->18328K(134400K)] 254250K->225179K(390400K), 0.0456570 secs] [Times: user=0.08 sys=0.08, real=0.05 secs] 
2013-05-14T10:10:31.381+0800: 743.421: [Full GC [PSYoungGen: 18328K->0K(134400K)] [PSOldGen: 206851K->224844K(256000K)] 225179K->224844K(390400K) [PSPermGen: 5717K->5717K(65536K)], 0.0211600 secs] [Times: user=0.01 sys=0.01, real=0.02 secs] 
2013-05-14T10:13:53.780+0800: 945.821: [Full GC [PSYoungGen: 115200K->52242K(134400K)] [PSOldGen: 224844K->255573K(256000K)] 340044K->307815K(390400K) [PSPermGen: 5723K->5723K(65536K)], 0.0418290 secs] [Times: user=0.04 sys=0.00, real=0.04 secs] 
2013-05-14T10:21:00.820+0800: 1372.860: [Full GC [PSYoungGen: 115200K->52285K(134400K)] [PSOldGen: 255573K->255573K(256000K)] 370773K->307858K(390400K) [PSPermGen: 5728K->5728K(65536K)], 0.0277940 secs] [Times: user=0.02 sys=0.00, real=0.03 secs] 
2013-05-14T10:28:03.599+0800: 1795.639: [Full GC [PSYoungGen: 115200K->52243K(134400K)] [PSOldGen: 255573K->255554K(256000K)] 370773K->307798K(390400K) [PSPermGen: 5730K->5640K(65536K)], 0.0352530 secs] [Times: user=0.03 sys=0.00, real=0.03 secs] 
Heap
 PSYoungGen      total 134400K, used 96668K [0xaa300000, 0xb3900000, 0xb3900000)
  eden space 115200K, 83% used [0xaa300000,0xb0167068,0xb1380000)
  from space 19200K, 0% used [0xb1380000,0xb1380000,0xb2640000)
  to   space 19200K, 0% used [0xb2640000,0xb2640000,0xb3900000)
 PSOldGen        total 256000K, used 255554K [0x9a900000, 0xaa300000, 0xaa300000)
  object space 256000K, 99% used [0x9a900000,0xaa290a30,0xaa300000)
 PSPermGen       total 65536K, used 5650K [0x96900000, 0x9a900000, 0x9a900000)
  object space 65536K, 8% used [0x96900000,0x96e84818,0x9a900000)
