2013-03-13T10:03:01.523+0800: 946.864: [GC [PSYoungGen: 332750K->54784K(389184K)] 332750K->251788K(1278720K), 0.1183670 secs] [Times: user=0.19 sys=0.25, real=0.12 secs] 
2013-03-13T10:17:01.783+0800: 1787.123: [GC [PSYoungGen: 387448K->54800K(389184K)] 584451K->531808K(1278720K), 0.1640000 secs] [Times: user=0.23 sys=0.35, real=0.16 secs] 
2013-03-13T10:31:38.273+0800: 2663.613: [GC [PSYoungGen: 387911K->54648K(389184K)] 864919K->823660K(1278720K), 0.1514500 secs] [Times: user=0.28 sys=0.31, real=0.15 secs] 
2013-03-13T10:31:38.424+0800: 2663.765: [Full GC [PSYoungGen: 54648K->0K(389184K)] [PSOldGen: 769012K->823600K(890240K)] 823660K->823600K(1279424K) [PSPermGen: 5423K->5423K(16384K)], 0.0315730 secs] [Times: user=0.02 sys=0.00, real=0.03 secs] 
2013-03-13T11:43:29.747+0800: 6975.088: [Full GC [PSYoungGen: 333632K->111004K(389184K)] [PSOldGen: 823600K->889616K(890240K)] 1157232K->1000620K(1279424K) [PSPermGen: 5439K->5439K(16384K)], 0.0845750 secs] [Times: user=0.08 sys=0.01, real=0.08 secs] 
2013-03-13T13:28:05.964+0800: 13251.304: [Full GC [PSYoungGen: 333632K->124489K(389184K)] [PSOldGen: 889616K->889616K(890240K)] 1223248K->1014105K(1279424K) [PSPermGen: 5451K->5451K(16384K)], 0.0546690 secs] [Times: user=0.05 sys=0.00, real=0.05 secs] 
2013-03-13T15:06:30.155+0800: 19155.495: [Full GC [PSYoungGen: 333632K->111005K(389184K)] [PSOldGen: 889616K->889614K(890240K)] 1223248K->1000620K(1279424K) [PSPermGen: 5468K->5372K(16384K)], 0.0719810 secs] [Times: user=0.07 sys=0.00, real=0.07 secs] 
2013-03-13T16:51:22.335+0800: 25447.675: [Full GC [PSYoungGen: 333632K->115686K(389184K)] [PSOldGen: 889614K->889614K(890240K)] 1223246K->1005301K(1279424K) [PSPermGen: 5374K->5374K(16384K)], 0.0551750 secs] [Times: user=0.05 sys=0.00, real=0.05 secs] 
Heap
 PSYoungGen      total 389184K, used 330574K [0x985a0000, 0xb37f0000, 0xb3840000)
  eden space 333632K, 99% used [0x985a0000,0xac873b20,0xacb70000)
  from space 55552K, 0% used [0xacb70000,0xacb70000,0xb01b0000)
  to   space 55552K, 0% used [0xb01b0000,0xb01b0000,0xb37f0000)
 PSOldGen        total 890240K, used 889614K [0x62040000, 0x985a0000, 0x985a0000)
  object space 890240K, 99% used [0x62040000,0x98503b78,0x985a0000)
 PSPermGen       total 16384K, used 5383K [0x52040000, 0x53040000, 0x62040000)
  object space 16384K, 32% used [0x52040000,0x52581da0,0x53040000)
